------------------------------------------------------------
Timing Analyzer Summary
------------------------------------------------------------

Type  : Slow 1200mV 85C Model Setup 'clock'
Slack : -0.838
TNS   : -0.851

Type  : Slow 1200mV 85C Model Setup 'aaa'
Slack : 0.210
TNS   : 0.000

Type  : Slow 1200mV 85C Model Setup 'c_d'
Slack : 0.210
TNS   : 0.000

Type  : Slow 1200mV 85C Model Hold 'aaa'
Slack : 0.445
TNS   : 0.000

Type  : Slow 1200mV 85C Model Hold 'c_d'
Slack : 0.445
TNS   : 0.000

Type  : Slow 1200mV 85C Model Hold 'clock'
Slack : 0.636
TNS   : 0.000

Type  : Slow 1200mV 85C Model Minimum Pulse Width 'clock'
Slack : -3.000
TNS   : -6.855

Type  : Slow 1200mV 85C Model Minimum Pulse Width 'c_d'
Slack : -3.000
TNS   : -5.570

Type  : Slow 1200mV 85C Model Minimum Pulse Width 'aaa'
Slack : -1.285
TNS   : -1.285

Type  : Slow 1200mV 0C Model Setup 'clock'
Slack : -0.645
TNS   : -0.645

Type  : Slow 1200mV 0C Model Setup 'aaa'
Slack : 0.297
TNS   : 0.000

Type  : Slow 1200mV 0C Model Setup 'c_d'
Slack : 0.297
TNS   : 0.000

Type  : Slow 1200mV 0C Model Hold 'aaa'
Slack : 0.398
TNS   : 0.000

Type  : Slow 1200mV 0C Model Hold 'c_d'
Slack : 0.398
TNS   : 0.000

Type  : Slow 1200mV 0C Model Hold 'clock'
Slack : 0.581
TNS   : 0.000

Type  : Slow 1200mV 0C Model Minimum Pulse Width 'clock'
Slack : -3.000
TNS   : -6.855

Type  : Slow 1200mV 0C Model Minimum Pulse Width 'c_d'
Slack : -3.000
TNS   : -5.570

Type  : Slow 1200mV 0C Model Minimum Pulse Width 'aaa'
Slack : -1.285
TNS   : -1.285

Type  : Fast 1200mV 0C Model Setup 'clock'
Slack : -0.319
TNS   : -0.319

Type  : Fast 1200mV 0C Model Setup 'aaa'
Slack : 0.626
TNS   : 0.000

Type  : Fast 1200mV 0C Model Setup 'c_d'
Slack : 0.626
TNS   : 0.000

Type  : Fast 1200mV 0C Model Hold 'aaa'
Slack : 0.208
TNS   : 0.000

Type  : Fast 1200mV 0C Model Hold 'c_d'
Slack : 0.208
TNS   : 0.000

Type  : Fast 1200mV 0C Model Hold 'clock'
Slack : 0.281
TNS   : 0.000

Type  : Fast 1200mV 0C Model Minimum Pulse Width 'clock'
Slack : -3.000
TNS   : -6.129

Type  : Fast 1200mV 0C Model Minimum Pulse Width 'c_d'
Slack : -3.000
TNS   : -5.424

Type  : Fast 1200mV 0C Model Minimum Pulse Width 'aaa'
Slack : -1.000
TNS   : -1.000

------------------------------------------------------------
